[ledthanhdat.vn/html/furgan/assets/images/favicon.png]
[backblue.gif]
[fade.gif]
[index.html]
[ledthanhdat.vn/html/furgan/assets/images/en.png]
[ledthanhdat.vn/html/furgan/assets/images/it.png]
[ledthanhdat.vn/html/furgan/assets/images/logo.png]
[ledthanhdat.vn/html/furgan/assets/images/demo001.jpg]
[ledthanhdat.vn/html/furgan/assets/images/demo002.jpg]
[ledthanhdat.vn/html/furgan/assets/images/demo003.jpg]
[ledthanhdat.vn/html/furgan/assets/images/demo004.jpg]
[ledthanhdat.vn/html/furgan/assets/images/demo005.jpg]
[ledthanhdat.vn/html/furgan/assets/images/demo006.jpg]
[ledthanhdat.vn/html/furgan/assets/images/label-new.jpg]
[ledthanhdat.vn/html/furgan/assets/images/label-hot.jpg]
[ledthanhdat.vn/html/furgan/assets/images/apro134-1-600x778.jpg]
[ledthanhdat.vn/html/furgan/assets/images/apro1113-600x778.jpg]
[ledthanhdat.vn/html/furgan/assets/images/apro201-1-600x778.jpg]
[ledthanhdat.vn/html/furgan/assets/images/slide2222.jpg]
[ledthanhdat.vn/html/furgan/assets/images/slide11new.jpg]
[ledthanhdat.vn/html/furgan/assets/images/slide333.jpg]
[ledthanhdat.vn/html/furgan/assets/images/banner11.jpg]
[ledthanhdat.vn/html/furgan/assets/images/banner12.jpg]
[ledthanhdat.vn/html/furgan/assets/images/banner13.jpg]
[ledthanhdat.vn/html/furgan/assets/images/apro61-1-270x350.jpg]
[ledthanhdat.vn/html/furgan/assets/images/apro71-1-270x350.jpg]
[ledthanhdat.vn/html/furgan/assets/images/apro101-1-270x350.jpg]
[ledthanhdat.vn/html/furgan/assets/images/apro91-1-270x350.jpg]
[ledthanhdat.vn/html/furgan/assets/images/apro1113-270x350.jpg]
[ledthanhdat.vn/html/furgan/assets/images/apro1211-2-270x350.jpg]
[ledthanhdat.vn/html/furgan/assets/images/apro141-1-270x350.jpg]
[ledthanhdat.vn/html/furgan/assets/images/apro151-1-270x350.jpg]
[ledthanhdat.vn/html/furgan/assets/images/apro161-1-270x350.jpg]
[ledthanhdat.vn/html/furgan/assets/images/apro181-2-270x350.jpg]
[ledthanhdat.vn/html/furgan/assets/images/banner101.jpg]
[ledthanhdat.vn/html/furgan/assets/images/apro13-1-270x350.jpg]
[ledthanhdat.vn/html/furgan/assets/images/apro302-270x350.jpg]
[ledthanhdat.vn/html/furgan/assets/images/apro31-1-270x350.jpg]
[ledthanhdat.vn/html/furgan/assets/images/apro41-1-270x350.jpg]
[ledthanhdat.vn/html/furgan/assets/images/apro51012-1-270x350.jpg]
[ledthanhdat.vn/html/furgan/assets/images/banner28.jpg]
[ledthanhdat.vn/html/furgan/assets/images/blogpost1-370x330.jpg]
[ledthanhdat.vn/html/furgan/assets/images/blogpost5-370x330.jpg]
[ledthanhdat.vn/html/furgan/assets/images/blogpost9-370x330.jpg]
[ledthanhdat.vn/html/furgan/assets/images/blogpost4-370x330.jpg]
[ledthanhdat.vn/html/furgan/assets/images/blogpost2-370x330.jpg]
[ledthanhdat.vn/html/furgan/assets/images/brand-logo-1.png]
[ledthanhdat.vn/html/furgan/assets/images/brand-logo-5.png]
[ledthanhdat.vn/html/furgan/assets/images/brand-logo-4.png]
[ledthanhdat.vn/html/furgan/assets/images/brand-logo-3.png]
[ledthanhdat.vn/html/furgan/assets/images/brand-logo-2.png]
[ledthanhdat.vn/html/furgan/assets/images/insta1.jpg]
[ledthanhdat.vn/html/furgan/assets/images/insta2.jpg]
[ledthanhdat.vn/html/furgan/assets/images/insta3.jpg]
[ledthanhdat.vn/html/furgan/assets/images/insta4.jpg]
[ledthanhdat.vn/html/furgan/assets/images/insta5.jpg]
[ledthanhdat.vn/html/furgan/assets/images/insta6.jpg]
[ledthanhdat.vn/html/furgan/assets/images/insta7.jpg]
[ledthanhdat.vn/html/furgan/assets/images/insta8.jpg]
[ledthanhdat.vn/html/furgan/assets/js/jquery-1.12.4.min.js]
[ledthanhdat.vn/html/furgan/assets/js/bootstrap.min.js]
[ledthanhdat.vn/html/furgan/assets/js/chosen.min.js]
[ledthanhdat.vn/html/furgan/assets/js/countdown.min.js]
[ledthanhdat.vn/html/furgan/assets/js/jquery.scrollbar.min.js]
[ledthanhdat.vn/html/furgan/assets/js/lightbox.min.js]
[ledthanhdat.vn/html/furgan/assets/js/magnific-popup.min.js]
[ledthanhdat.vn/html/furgan/assets/js/slick.js]
[ledthanhdat.vn/html/furgan/assets/js/jquery.zoom.min.js]
[ledthanhdat.vn/html/furgan/assets/js/threesixty.min.js]
[ledthanhdat.vn/html/furgan/assets/js/jquery-ui.min.js]
[ledthanhdat.vn/html/furgan/assets/js/mobilemenu.js]
[ledthanhdat.vn/html/furgan/index.html]
[ledthanhdat.vn/html/furgan/assets/css/bootstrap.min.css]
[ledthanhdat.vn/html/furgan/assets/css/animate.css]
[ledthanhdat.vn/html/furgan/assets/js/functions.js]
[ledthanhdat.vn/html/furgan/assets/images/chosen-sprite.png]
[ledthanhdat.vn/html/furgan/assets/css/chosen.min.css]
[ledthanhdat.vn/html/furgan/assets/images/chosen-sprite@2x.png]
[ledthanhdat.vn/html/furgan/assets/fonts/fontawesome-webfont3e6e.eot]
[ledthanhdat.vn/html/furgan/assets/fonts/fontawesome-webfontd41d.eot]
[ledthanhdat.vn/html/furgan/assets/fonts/fontawesome-webfont3e6e.woff2]
[ledthanhdat.vn/html/furgan/assets/fonts/fontawesome-webfont3e6e.woff]
[ledthanhdat.vn/html/furgan/assets/fonts/fontawesome-webfont3e6e.ttf]
[ledthanhdat.vn/html/furgan/assets/css/font-awesome.min.css]
[ledthanhdat.vn/html/furgan/assets/css/jquery.scrollbar.css]
[ledthanhdat.vn/html/furgan/assets/img/close-icon.8e.delayed]
[ledthanhdat.vn/html/furgan/assets/img/close-icon.8f.delayed]
[ledthanhdat.vn/html/furgan/assets/css/lightbox.min.css]
[ledthanhdat.vn/html/furgan/assets/css/magnific-popup.css]
[ledthanhdat.vn/html/furgan/assets/css/slick.min.css]
[ledthanhdat.vn/html/furgan/assets/fonts/Flaticon.eot]
[ledthanhdat.vn/html/furgan/assets/fonts/Flaticond41d.eot]
[ledthanhdat.vn/html/furgan/assets/fonts/Flaticon.woff2]
[ledthanhdat.vn/html/furgan/assets/fonts/Flaticon.woff]
[ledthanhdat.vn/html/furgan/assets/fonts/Flaticon.ttf]
[ledthanhdat.vn/html/furgan/assets/fonts/flaticon.css]
[ledthanhdat.vn/html/furgan/assets/css/megamenu.css]
[ledthanhdat.vn/html/furgan/assets/css/dreaming-attribute.css]
[ledthanhdat.vn/html/furgan/assets/images/select-arrow.png]
[ledthanhdat.vn/html/furgan/assets/images/blog-bg.jpg]
[ledthanhdat.vn/html/furgan/assets/images/logo-light.png]
[ledthanhdat.vn/html/furgan/assets/images/bg-count.jpg]
[ledthanhdat.vn/html/furgan/assets/images/testi-bg.jpg]
[ledthanhdat.vn/html/furgan/assets/css/style.css]
[ledthanhdat.vn/html/furgan/assets/images/test-bg-2.jpg]
[ledthanhdat.vn/html/furgan/assets/images/slide21.jpg]
[ledthanhdat.vn/html/furgan/assets/images/slide233333.jpg]
[ledthanhdat.vn/html/furgan/assets/images/slide202.jpg]
[ledthanhdat.vn/html/furgan/assets/images/banner244.jpg]
[ledthanhdat.vn/html/furgan/assets/images/banner252.jpg]
[ledthanhdat.vn/html/furgan/assets/images/apro51012-1-275x310.jpg]
[ledthanhdat.vn/html/furgan/assets/images/apro71-1-275x310.jpg]
[ledthanhdat.vn/html/furgan/assets/images/apro1211-2-275x310.jpg]
[ledthanhdat.vn/html/furgan/assets/images/banner21.jpg]
[ledthanhdat.vn/html/furgan/assets/images/banner201.jpg]
[ledthanhdat.vn/html/furgan/assets/images/banner23.jpg]
[ledthanhdat.vn/html/furgan/assets/images/banner26.jpg]
[ledthanhdat.vn/html/furgan/assets/images/banner27.jpg]
[ledthanhdat.vn/html/furgan/assets/images/apro151-1-90x90.jpg]
[ledthanhdat.vn/html/furgan/assets/images/apro171-1-90x90.jpg]
[ledthanhdat.vn/html/furgan/assets/images/apro71-1-90x90.jpg]
[ledthanhdat.vn/html/furgan/assets/images/apro201-1-90x90.jpg]
[ledthanhdat.vn/html/furgan/assets/images/apro51012-1-90x90.jpg]
[ledthanhdat.vn/html/furgan/assets/images/apro302-90x90.jpg]
[ledthanhdat.vn/html/furgan/assets/images/apro13-1-90x90.jpg]
[ledthanhdat.vn/html/furgan/assets/images/apro1211-2-90x90.jpg]
[ledthanhdat.vn/html/furgan/assets/images/apro181-2-90x90.jpg]
[ledthanhdat.vn/html/furgan/assets/images/apro141-1-90x90.jpg]
[ledthanhdat.vn/html/furgan/assets/images/apro83-1-90x90.jpg]
[ledthanhdat.vn/html/furgan/assets/images/apro191-1-90x90.jpg]
[ledthanhdat.vn/html/furgan/assets/images/apro61-1-90x90.jpg]
[ledthanhdat.vn/html/furgan/assets/images/apro41-1-90x90.jpg]
[ledthanhdat.vn/html/furgan/assets/images/apro101-1-90x90.jpg]
[ledthanhdat.vn/html/furgan/assets/images/apro91-1-90x90.jpg]
[ledthanhdat.vn/html/furgan/assets/images/apro1113-90x90.jpg]
[ledthanhdat.vn/html/furgan/assets/images/apro161-1-90x90.jpg]
[ledthanhdat.vn/html/furgan/assets/images/payment.png]
[ledthanhdat.vn/html/furgan/home-02.html]
[ledthanhdat.vn/html/furgan/assets/images/slide31.jpg]
[ledthanhdat.vn/html/furgan/assets/images/slide32.jpg]
[ledthanhdat.vn/html/furgan/assets/images/slide33.jpg]
[ledthanhdat.vn/html/furgan/assets/images/banner31.jpg]
[ledthanhdat.vn/html/furgan/assets/images/banner32.jpg]
[ledthanhdat.vn/html/furgan/assets/images/banner33.jpg]
[ledthanhdat.vn/html/furgan/assets/images/apro171-1-270x350.jpg]
[ledthanhdat.vn/html/furgan/assets/images/apro201-1-270x350.jpg]
[ledthanhdat.vn/html/furgan/assets/images/avatar1.jpg]
[ledthanhdat.vn/html/furgan/assets/images/avatar3.jpg]
[ledthanhdat.vn/html/furgan/home-03.html]
[ledthanhdat.vn/html/furgan/assets/images/avatar2.jpg]
[ledthanhdat.vn/html/furgan/assets/images/slide402.jpg]
[ledthanhdat.vn/html/furgan/assets/images/slide1.jpg]
[ledthanhdat.vn/html/furgan/assets/images/slide4003.jpg]
[ledthanhdat.vn/html/furgan/assets/images/banner41.jpg]
[ledthanhdat.vn/html/furgan/assets/images/banner42.jpg]
[ledthanhdat.vn/html/furgan/assets/images/banner43.jpg]
[ledthanhdat.vn/html/furgan/assets/images/banner44.jpg]
[ledthanhdat.vn/html/furgan/assets/images/apro83-1-270x350.jpg]
[ledthanhdat.vn/html/furgan/assets/images/apro191-1-270x350.jpg]
[ledthanhdat.vn/html/furgan/assets/images/banner4-41.jpg]
[ledthanhdat.vn/html/furgan/home-04.html]
[ledthanhdat.vn/html/furgan/assets/images/banner4-6.jpg]
[ledthanhdat.vn/html/furgan/assets/images/h5-banner1.jpg]
[ledthanhdat.vn/html/furgan/assets/images/h5-banner2.jpg]
[ledthanhdat.vn/html/furgan/assets/images/h5-banner3.jpg]
[ledthanhdat.vn/html/furgan/assets/images/h5-banner4.jpg]
[ledthanhdat.vn/html/furgan/assets/images/insta9.jpg]
[ledthanhdat.vn/html/furgan/assets/images/insta10.jpg]
[ledthanhdat.vn/html/furgan/assets/images/insta11.jpg]
[ledthanhdat.vn/html/furgan/assets/images/insta12.jpg]
[ledthanhdat.vn/html/furgan/assets/images/insta13.jpg]
[ledthanhdat.vn/html/furgan/assets/images/insta14.jpg]
[ledthanhdat.vn/html/furgan/assets/images/insta15.jpg]
[ledthanhdat.vn/html/furgan/home-05.html]
[ledthanhdat.vn/html/furgan/assets/images/slide6-1.jpg]
[ledthanhdat.vn/html/furgan/assets/images/slide6-2-1.jpg]
[ledthanhdat.vn/html/furgan/assets/images/slide6-3.jpg]
[ledthanhdat.vn/html/furgan/assets/images/cat1.jpg]
[ledthanhdat.vn/html/furgan/assets/images/cat2.jpg]
[ledthanhdat.vn/html/furgan/assets/images/cat3.jpg]
[ledthanhdat.vn/html/furgan/assets/images/cat4.jpg]
[ledthanhdat.vn/html/furgan/assets/images/cat5.jpg]
[ledthanhdat.vn/html/furgan/assets/images/apro1211-2-592x592.jpg]
[ledthanhdat.vn/html/furgan/assets/images/apro1221-2-592x592.jpg]
[ledthanhdat.vn/html/furgan/assets/images/apro1231-2-592x592.jpg]
[ledthanhdat.vn/html/furgan/assets/images/apro1221-2-90x90.jpg]
[ledthanhdat.vn/html/furgan/home-06.html]
[ledthanhdat.vn/html/furgan/assets/images/apro1231-2-90x90.jpg]
[ledthanhdat.vn/html/furgan/assets/images/banner-for-all2.jpg]
[ledthanhdat.vn/html/furgan/assets/images/apro161-1-600x778.jpg]
[ledthanhdat.vn/html/furgan/assets/images/apro1211-2-600x778.jpg]
[ledthanhdat.vn/html/furgan/assets/images/apro101-1-600x778.jpg]
[ledthanhdat.vn/html/furgan/assets/images/apro171-1-600x778.jpg]
[ledthanhdat.vn/html/furgan/assets/images/apro41-1-600x778.jpg]
[ledthanhdat.vn/html/furgan/assets/images/apro181-2-600x778.jpg]
[ledthanhdat.vn/html/furgan/assets/images/apro83-1-600x778.jpg]
[ledthanhdat.vn/html/furgan/assets/images/apro141-1-600x778.jpg]
[ledthanhdat.vn/html/furgan/assets/images/apro61-1-600x778.jpg]
[ledthanhdat.vn/html/furgan/assets/images/apro71-1-600x778.jpg]
[ledthanhdat.vn/html/furgan/assets/images/apro191-1-600x778.jpg]
[ledthanhdat.vn/html/furgan/shop.html]
[ledthanhdat.vn/html/furgan/shop-list.html]
[ledthanhdat.vn/html/furgan/assets/images/apro13-1-600x778.jpg]
[ledthanhdat.vn/html/furgan/shop-leftsidebar.html]
[ledthanhdat.vn/html/furgan/shop-rightsidebar.html]
[ledthanhdat.vn/html/furgan/assets/images/widget-banner.jpg]
[ledthanhdat.vn/html/furgan/assets/images/apro131-2.jpg]
[ledthanhdat.vn/html/furgan/assets/images/apro134-1.jpg]
[ledthanhdat.vn/html/furgan/assets/images/apro132-1.jpg]
[ledthanhdat.vn/html/furgan/assets/images/apro133-1.jpg]
[ledthanhdat.vn/html/furgan/assets/images/apro131-2-100x100.jpg]
[ledthanhdat.vn/html/furgan/assets/images/apro134-1-100x100.jpg]
[ledthanhdat.vn/html/furgan/assets/images/apro132-1-100x100.jpg]
[ledthanhdat.vn/html/furgan/assets/images/apro133-1-100x100.jpg]
[ledthanhdat.vn/html/furgan/assets/images/single-pro1.jpg]
[ledthanhdat.vn/html/furgan/assets/images/single-pro2.jpg]
[ledthanhdat.vn/html/furgan/assets/images/apro151-1-600x778.jpg]
[ledthanhdat.vn/html/furgan/assets/images/apro31-1-600x778.jpg]
[ledthanhdat.vn/html/furgan/assets/images/apro302-600x778.jpg]
[ledthanhdat.vn/html/furgan/single-product.html]
[ledthanhdat.vn/html/furgan/single-product-policy.html]
[ledthanhdat.vn/html/furgan/assets/images/apro91-1-600x778.jpg]
[ledthanhdat.vn/html/furgan/single-product-rightsidebar.html]
[ledthanhdat.vn/html/furgan/single-product-leftsidebar.html]
[ledthanhdat.vn/html/furgan/single-product-bundle.html]
[ledthanhdat.vn/html/furgan/assets/images/is_main.jpg]
[ledthanhdat.vn/html/furgan/assets/images/is_main1.jpg]
[ledthanhdat.vn/html/furgan/assets/images/is_main2.jpg]
[ledthanhdat.vn/html/furgan/assets/images/is_main4.jpg]
[ledthanhdat.vn/html/furgan/assets/images/is_main5.jpg]
[ledthanhdat.vn/html/furgan/assets/images/is_main6.jpg]
[ledthanhdat.vn/html/furgan/assets/images/is_main7.jpg]
[ledthanhdat.vn/html/furgan/assets/images/is_main8.jpg]
[ledthanhdat.vn/html/furgan/assets/images/is_main9.jpg]
[ledthanhdat.vn/html/furgan/assets/images/is_main10.jpg]
[ledthanhdat.vn/html/furgan/assets/images/is_main11.jpg]
[ledthanhdat.vn/html/furgan/single-product-360deg.html]
[ledthanhdat.vn/html/furgan/single-product-video.html]
[ledthanhdat.vn/html/furgan/assets/images/is_main12.jpg]
[ledthanhdat.vn/html/furgan/cart.html]
[ledthanhdat.vn/html/furgan/wishlist.html]
[ledthanhdat.vn/html/furgan/assets/images/apro51012-1-600x778.jpg]
[ledthanhdat.vn/html/furgan/checkout.html]
[ledthanhdat.vn/html/furgan/order-tracking.html]
[ledthanhdat.vn/html/furgan/my-account.html]
[ledthanhdat.vn/html/furgan/single-product-simple.html]
[ledthanhdat.vn/html/furgan/single-product-external.html]
[ledthanhdat.vn/html/furgan/single-product-group.html]
[ledthanhdat.vn/html/furgan/single-product-outofstock.html]
[ledthanhdat.vn/html/furgan/single-product-onsale.html]
[ledthanhdat.vn/html/furgan/banner.html]
[ledthanhdat.vn/html/furgan/assets/images/AM_mc_vs_ms_ae_UK.png]
[ledthanhdat.vn/html/furgan/assets/images/blogpost6-370x330.jpg]
[ledthanhdat.vn/html/furgan/assets/images/blogpost7-370x330.jpg]
[ledthanhdat.vn/html/furgan/my-account.htmllost-password/index.html]
[ledthanhdat.vn/html/furgan/assets/images/blogpost8-370x330.jpg]
[ledthanhdat.vn/html/furgan/assets/images/blogpost3-370x330.jpg]
[ledthanhdat.vn/html/furgan/assets/images/blogpost10-370x330.jpg]
[ledthanhdat.vn/html/furgan/assets/images/blogpost12-370x330.jpg]
[ledthanhdat.vn/html/furgan/assets/images/blogpost11-370x330.jpg]
[ledthanhdat.vn/html/furgan/blog-element.html]
[ledthanhdat.vn/html/furgan/categories-element.html]
[ledthanhdat.vn/html/furgan/product-element.html]
[ledthanhdat.vn/html/furgan/client.html]
[ledthanhdat.vn/html/furgan/product-layout.html]
[ledthanhdat.vn/html/furgan/google-map.html]
[ledthanhdat.vn/html/furgan/iconbox.html]
[ledthanhdat.vn/html/furgan/assets/images/team-img1.jpg]
[ledthanhdat.vn/html/furgan/assets/images/team-img2.jpg]
[ledthanhdat.vn/html/furgan/assets/images/team-img3.jpg]
[ledthanhdat.vn/html/furgan/assets/images/team-img4.jpg]
[ledthanhdat.vn/html/furgan/assets/images/team5-1.jpg]
[ledthanhdat.vn/html/furgan/team.html]
[ledthanhdat.vn/html/furgan/instagram-feed.html]
[ledthanhdat.vn/html/furgan/newsletter.html]
[ledthanhdat.vn/html/furgan/testimonials.html]
[ledthanhdat.vn/html/furgan/assets/images/team6.jpg]
[ledthanhdat.vn/html/furgan/assets/images/blogpost1.jpg]
[ledthanhdat.vn/html/furgan/assets/images/blogpost5.jpg]
[ledthanhdat.vn/html/furgan/assets/images/blogpost4.jpg]
[ledthanhdat.vn/html/furgan/assets/images/blogpost2.jpg]
[ledthanhdat.vn/html/furgan/assets/images/blogpost6.jpg]
[ledthanhdat.vn/html/furgan/assets/images/blogpost7.jpg]
[ledthanhdat.vn/html/furgan/assets/images/blogpost10.jpg]
[ledthanhdat.vn/html/furgan/assets/images/blogpost12.jpg]
[ledthanhdat.vn/html/furgan/assets/images/blogpost8.jpg]
[ledthanhdat.vn/html/furgan/assets/images/blogpost3.jpg]
[ledthanhdat.vn/html/furgan/blog.html]
[ledthanhdat.vn/html/furgan/assets/images/blogpost1-83x83.jpg]
[ledthanhdat.vn/html/furgan/assets/images/blogpost5-83x83.jpg]
[ledthanhdat.vn/html/furgan/assets/images/blogpost9-83x83.jpg]
[ledthanhdat.vn/html/furgan/assets/images/blogpost4-83x83.jpg]
[ledthanhdat.vn/html/furgan/blog-leftsidebar.html]
[ledthanhdat.vn/html/furgan/blog-rightsidebar.html]
[ledthanhdat.vn/html/furgan/blog-grid.html]
[ledthanhdat.vn/html/furgan/assets/images/blog-gallery-1.jpg]
[ledthanhdat.vn/html/furgan/assets/images/blog-gallery-2.jpg]
[ledthanhdat.vn/html/furgan/single-post.html]
[ledthanhdat.vn/html/furgan/single-post-leftsidebar.html]
[ledthanhdat.vn/html/furgan/single-post-rightsidebar.html]
[ledthanhdat.vn/html/furgan/single-post-instagram.html]
[ledthanhdat.vn/html/furgan/assets/images/pinpost.jpg]
[ledthanhdat.vn/html/furgan/assets/images/apro83-1-100x133.jpg]
[ledthanhdat.vn/html/furgan/assets/images/apro41-1-100x133.jpg]
[ledthanhdat.vn/html/furgan/assets/images/apro141-1-100x133.jpg]
[ledthanhdat.vn/html/furgan/single-post-product.html]
[ledthanhdat.vn/html/furgan/single-post-gallery.html]
[ledthanhdat.vn/html/furgan/single-post-video.html]
[ledthanhdat.vn/html/furgan/assets/images/about-img.jpg]
[ledthanhdat.vn/html/furgan/about.html]
[ledthanhdat.vn/html/furgan/contact.html]
[ledthanhdat.vn/html/furgan/404.html]
[ledthanhdat.vn/html/furgan/assets/fonts/fontawesome-webfont3e6e.svg]
[ledthanhdat.vn/html/furgan/assets/fonts/Flaticon.svg]
[ledthanhdat.vn/html/furgan/my-account.htmllost-password/index.html]
